// Vitest Snapshot v1, https://vitest.dev/guide/snapshot.html

exports[`integration — evaluate(text) → renderSheet(result) > snapshots the full pipeline for a canonical mixed input 1`] = `
"<table class="reckon">
<tr class="comment"><td class="source" colspan="2">Project budget Q2</td></tr>
<tr class="blank"><td colspan="2"></td></tr>
<tr class="assignment"><td class="source"><span class="t-id">tax</span> <span class="t-op">=</span> <span class="t-num">20</span><span class="t-pct">%</span></td><td class="result" data-clipboard-value="0.2">20%</td></tr>
<tr class="assignment"><td class="source"><span class="t-id">salary</span> <span class="t-op">=</span> <span class="t-num">200000</span></td><td class="result" data-clipboard-value="200000">200,000</td></tr>
<tr class="value"><td class="source"><span class="t-num">100</span> <span class="t-op">+</span> <span class="t-num">20</span><span class="t-pct">%</span></td><td class="result" data-clipboard-value="120">120</td></tr>
<tr class="value"><td class="source"><span class="t-num">100</span> <span class="t-unit">km</span> <span class="t-kw">in</span> <span class="t-unit">miles</span></td><td class="result" data-clipboard-value="62.13711922373339">62.13711922373339 miles</td></tr>
<tr class="assignment"><td class="source"><span class="t-id">current tax</span> <span class="t-op">=</span> <span class="t-num">20</span><span class="t-pct">%</span></td><td class="result" data-clipboard-value="0.2">20%</td></tr>
<tr class="value"><td class="source"><span class="t-num">300</span> <span class="t-op">+</span> <span class="t-id">current tax</span></td><td class="result" data-clipboard-value="360">360</td></tr>
<tr class="heading"><td class="source" colspan="2">this is a heading</td></tr>
<tr class="comment"><td class="source" colspan="2">// note to self</td></tr>
<tr class="value"><td class="source"><span class="t-num">5</span> # <span class="t-id">inline</span> <span class="t-id">comment</span></td><td class="result" data-clipboard-value="5">5</td></tr>
<tr class="total"><td class="label">Total</td><td class="result" data-clipboard-value="485">485</td></tr>
</table>"
`;

exports[`renderSheet > matches the canonical snapshot 1`] = `
{
  "html": "<style>
  html { color-scheme: light dark; }
  body {
    font-family: var(--ui-font, ui-monospace, SFMono-Regular, Consolas, monospace);
    font-variant-numeric: tabular-nums slashed-zero;
    color: var(--root-color, #1f1f1f);
    background: var(--root-background-color, #f1f1f3);
    margin: 0; padding: 12px;
    font-size: 13px;
  }
  table.reckon { width: 100%; border-collapse: collapse; }
  td { padding: 3px 10px; vertical-align: top; white-space: pre-wrap; }
  td.source { color: inherit; }
  td.result { text-align: right; opacity: 0.85; }
  tr.blank td { height: 1.2em; }
  tr.comment td.source { opacity: 0.6; color: #635c81; font-style: italic; }
  tr.heading td.source {
    font-weight: 700;
    letter-spacing: -0.01em;
    padding-top: 10px;
    padding-bottom: 6px;
    border-bottom: 1px solid color-mix(in srgb, currentColor 25%, transparent);
  }
  tr.total td {
    border-top: 1px solid color-mix(in srgb, currentColor 25%, transparent);
    padding-top: 7px;
    font-weight: 600;
  }
  tr.total td.label { text-align: left; }

  /* Token coloring — Alucard (light mode default) */
  .t-num  { color: #644ac9; }
  .t-id   { color: #14710a; }
  .t-unit { color: #036a96; }
  .t-op   { opacity: 0.45; }
  .t-kw   { color: #a3144d; font-style: italic; }
  .t-pct  { color: #a34d14; }

  /* Click-to-copy affordance */
  td.result[data-clipboard-value] {
    cursor: pointer;
    border-radius: 3px;
    transition: background 150ms ease;
  }
  td.result[data-clipboard-value]:hover { background: rgba(100, 74, 201, 0.10); }
  td.result[data-clipboard-value]:active { transform: translateY(1px); }

  /* Dark mode — Dracula */
  @media (prefers-color-scheme: dark) {
    body {
      color: var(--root-color, #f8f8f2);
      background: var(--root-background-color, #282a36);
    }
    tr.comment td.source { color: #6272a4; }
    .t-num  { color: #bd93f9; }
    .t-id   { color: #50fa7b; }
    .t-unit { color: #8be9fd; }
    .t-op   { opacity: 0.55; }
    .t-kw   { color: #ff79c6; }
    .t-pct  { color: #ffb86c; }
    td.result[data-clipboard-value]:hover { background: rgba(189, 147, 249, 0.16); }
  }
</style>
<table class="reckon">
<tr class="comment"><td class="source" colspan="2">Project budget for Q2</td></tr>
<tr class="blank"><td colspan="2"></td></tr>
<tr class="heading"><td class="source" colspan="2">Inputs</td></tr>
<tr class="assignment"><td class="source"><span class="t-id">tax</span> <span class="t-op">=</span> <span class="t-num">20</span><span class="t-pct">%</span></td><td class="result" data-clipboard-value="0.2">20%</td></tr>
<tr class="value"><td class="source"><span class="t-num">100</span> <span class="t-unit">km</span> <span class="t-kw">in</span> <span class="t-unit">miles</span></td><td class="result" data-clipboard-value="62.137">62.137 mi</td></tr>
<tr class="value"><td class="source"><span class="t-num">300</span> <span class="t-op">+</span> <span class="t-id">tax</span></td><td class="result" data-clipboard-value="360">360</td></tr>
<tr class="total"><td class="label">Total</td><td class="result" data-clipboard-value="360">360</td></tr>
</table>",
  "script": "(function () {
  // Guard against accumulating duplicate listeners when SB re-injects the
  // panel script on each render. The flag lives on window for the iframe's
  // lifetime; a single click listener handles all subsequent renders.
  if (window.__reckonClickBound) return;
  window.__reckonClickBound = true;
  document.addEventListener("click", function (e) {
    var cell = e.target.closest("[data-clipboard-value]");
    if (!cell) return;
    var value = cell.getAttribute("data-clipboard-value");
    if (!value) return;
    navigator.clipboard.writeText(value).then(function () {
      if (typeof api === "function") {
        api("editor.flashNotification", "Copied " + value);
      }
    }).catch(function () {});
  });
})();",
}
`;
