// Vitest Snapshot v1, https://vitest.dev/guide/snapshot.html

exports[`integration — evaluate(text) → renderSheet(result) > snapshots the full pipeline for a canonical mixed input 1`] = `
"<table class="reckon">
<tr class="comment" data-line="1"><td class="gutter">1</td><td class="source" colspan="2">Project budget Q2</td></tr>
<tr class="blank" data-line="2"><td class="gutter">2</td><td colspan="2"></td></tr>
<tr class="assignment" data-line="3"><td class="gutter referenceable" data-line="3">3</td><td class="source"><span class="t-id">tax</span> <span class="t-op">=</span> <span class="t-num">20</span><span class="t-pct">%</span></td><td class="result" data-clipboard-value="0.2">20%</td></tr>
<tr class="assignment" data-line="4"><td class="gutter referenceable" data-line="4">4</td><td class="source"><span class="t-id">salary</span> <span class="t-op">=</span> <span class="t-num">200000</span></td><td class="result" data-clipboard-value="200000">200,000</td></tr>
<tr class="value" data-line="5"><td class="gutter referenceable" data-line="5">5</td><td class="source"><span class="t-num">100</span> <span class="t-op">+</span> <span class="t-num">20</span><span class="t-pct">%</span></td><td class="result" data-clipboard-value="120">120</td></tr>
<tr class="value" data-line="6"><td class="gutter referenceable" data-line="6">6</td><td class="source"><span class="t-num">100</span> <span class="t-unit">km</span> <span class="t-kw">in</span> <span class="t-unit">miles</span></td><td class="result" data-clipboard-value="62.13711922373339">62.13711922373339 miles</td></tr>
<tr class="assignment" data-line="7"><td class="gutter referenceable" data-line="7">7</td><td class="source"><span class="t-id">current tax</span> <span class="t-op">=</span> <span class="t-num">20</span><span class="t-pct">%</span></td><td class="result" data-clipboard-value="0.2">20%</td></tr>
<tr class="value" data-line="8"><td class="gutter referenceable" data-line="8">8</td><td class="source"><span class="t-num">300</span> <span class="t-op">+</span> <span class="t-id">current tax</span></td><td class="result" data-clipboard-value="360">360</td></tr>
<tr class="heading" data-line="9"><td class="gutter">9</td><td class="source" colspan="2">this is a heading</td></tr>
<tr class="comment" data-line="10"><td class="gutter">10</td><td class="source" colspan="2">// note to self</td></tr>
<tr class="value" data-line="11"><td class="gutter referenceable" data-line="11">11</td><td class="source"><span class="t-num">5</span> # <span class="t-id">inline</span> <span class="t-id">comment</span></td><td class="result" data-clipboard-value="5">5</td></tr>
<tr class="total"><td class="gutter total">Σ</td><td class="label">Total</td><td class="result" data-clipboard-value="485">485</td></tr>
</table>"
`;

exports[`renderSheet > matches the canonical snapshot 1`] = `
{
  "html": "<style>
  html { color-scheme: light dark; }
  body {
    font-family: var(--ui-font, ui-monospace, SFMono-Regular, Consolas, monospace);
    font-variant-numeric: tabular-nums slashed-zero;
    color: var(--root-color, #29242a);
    background: var(--root-background-color, #faf4f2);
    margin: 0; padding: 12px;
    font-size: 13px;
  }
  table.reckon { width: 100%; border-collapse: collapse; }
  td {
    padding: 3px 10px;
    vertical-align: top;
    white-space: pre-wrap;
    transition: background 150ms ease;
  }
  td.source { color: inherit; }
  td.result { text-align: right; opacity: 0.85; }
  tr.blank td { height: 1.2em; }
  tr.comment td.source { opacity: 0.6; color: #72696a; font-style: italic; }
  tr.heading td.source {
    font-weight: 700;
    letter-spacing: -0.01em;
    padding-top: 10px;
    padding-bottom: 6px;
    border-bottom: 1px solid color-mix(in srgb, currentColor 25%, transparent);
  }
  tr.total td {
    border-top: 1px solid color-mix(in srgb, currentColor 25%, transparent);
    padding-top: 7px;
    font-weight: 600;
  }
  tr.total td.label { text-align: left; }

  /* Token coloring — Monokai Pro Light (light mode default) */
  .t-num    { color: #6849c2; }
  .t-id     { color: #218a55; }
  .t-unit   { color: #1c8ca8; }
  .t-op     { opacity: 0.45; }
  .t-kw     { color: #e14775; font-style: italic; }
  .t-pct    { color: #c25c00; }
  .t-linref { color: #a67c00; }

  /* Click-to-copy affordance — transition inherited from base td rule */
  td.result[data-clipboard-value] {
    cursor: pointer;
    border-radius: 3px;
  }
  td.result[data-clipboard-value]:hover { background: rgba(104, 73, 194, 0.10); }
  td.result[data-clipboard-value]:active { transform: translateY(1px); }

  /* Gutter */
  td.gutter {
    color: color-mix(in srgb, currentColor 35%, transparent);
    font-variant-numeric: tabular-nums;
    text-align: right;
    min-width: 2.5em;
    padding-right: 8px;
    user-select: none;
    white-space: nowrap;
  }
  td.gutter.referenceable {
    color: color-mix(in srgb, currentColor 75%, transparent);
    cursor: pointer;
    border-radius: 3px;
  }
  td.gutter.referenceable:hover {
    background: rgba(104, 73, 194, 0.10);
  }
  td.gutter.referenceable:active { transform: translateY(1px); }
  td.gutter.total {
    color: color-mix(in srgb, currentColor 65%, transparent);
    font-weight: 600;
  }
  tr.linref-pair td { background: rgba(104, 73, 194, 0.07); }

  /* Dark mode — Monokai Pro */
  @media (prefers-color-scheme: dark) {
    body {
      color: var(--root-color, #fcfcfa);
      background: var(--root-background-color, #2d2a2e);
    }
    tr.comment td.source { color: #727072; }
    .t-num    { color: #ab9df2; }
    .t-id     { color: #a9dc76; }
    .t-unit   { color: #78dce8; }
    .t-op     { opacity: 0.55; }
    .t-kw     { color: #ff6188; }
    .t-pct    { color: #fc9867; }
    .t-linref { color: #ffd866; }
    td.result[data-clipboard-value]:hover { background: rgba(171, 157, 242, 0.14); }
    td.gutter.referenceable:hover { background: rgba(171, 157, 242, 0.14); }
    tr.linref-pair td { background: rgba(171, 157, 242, 0.10); }
  }
</style>
<table class="reckon">
<tr class="comment" data-line="1"><td class="gutter">1</td><td class="source" colspan="2">Project budget for Q2</td></tr>
<tr class="blank" data-line="2"><td class="gutter">2</td><td colspan="2"></td></tr>
<tr class="heading" data-line="3"><td class="gutter">3</td><td class="source" colspan="2">Inputs</td></tr>
<tr class="assignment" data-line="4"><td class="gutter referenceable" data-line="4">4</td><td class="source"><span class="t-id">tax</span> <span class="t-op">=</span> <span class="t-num">20</span><span class="t-pct">%</span></td><td class="result" data-clipboard-value="0.2">20%</td></tr>
<tr class="value" data-line="5"><td class="gutter referenceable" data-line="5">5</td><td class="source"><span class="t-num">100</span> <span class="t-unit">km</span> <span class="t-kw">in</span> <span class="t-unit">miles</span></td><td class="result" data-clipboard-value="62.137">62.137 mi</td></tr>
<tr class="value" data-line="6"><td class="gutter referenceable" data-line="6">6</td><td class="source"><span class="t-num">300</span> <span class="t-op">+</span> <span class="t-id">tax</span></td><td class="result" data-clipboard-value="360">360</td></tr>
<tr class="total"><td class="gutter total">Σ</td><td class="label">Total</td><td class="result" data-clipboard-value="360">360</td></tr>
</table>",
  "script": "(function () {
  // Guard against accumulating duplicate listeners when SB re-injects the
  // panel script on each render. The flag lives on window for the iframe's
  // lifetime; a single set of delegates handles all subsequent renders.
  if (window.__reckonClickBound) return;
  window.__reckonClickBound = true;

  function safeCopy(value) {
    if (!value) return;
    navigator.clipboard.writeText(value).then(function () {
      if (typeof api === "function") {
        api("editor.flashNotification", "Copied " + value);
      }
    }).catch(function () {});
  }

  document.addEventListener("click", function (e) {
    var gutter = e.target.closest("td.gutter.referenceable[data-line]");
    if (gutter) {
      var dataLine = gutter.getAttribute("data-line");
      if (dataLine) safeCopy("line" + dataLine);
      return;
    }
    var cell = e.target.closest("[data-clipboard-value]");
    if (!cell) return;
    var value = cell.getAttribute("data-clipboard-value");
    if (!value) return;
    safeCopy(value);
  });

  function parseRefs(attr) {
    if (!attr) return [];
    return attr.split(",").map(function (s) { return s.trim(); }).filter(Boolean);
  }

  function findPairs(row) {
    var dataLine = row.getAttribute("data-line");
    if (!dataLine) return [];
    var forwardRefs = parseRefs(row.getAttribute("data-references"));
    var matches = [];
    var allRows = document.querySelectorAll("tr[data-line]");
    for (var i = 0; i < allRows.length; i++) {
      var other = allRows[i];
      if (other === row) continue;
      var otherLine = other.getAttribute("data-line");
      if (forwardRefs.indexOf(otherLine) !== -1) {
        matches.push(other);
        continue;
      }
      var otherRefs = parseRefs(other.getAttribute("data-references"));
      if (otherRefs.indexOf(dataLine) !== -1) {
        matches.push(other);
      }
    }
    return matches;
  }

  document.addEventListener("mouseenter", function (e) {
    if (!e.target.closest) return;
    var row = e.target.closest("tr[data-line]");
    if (!row) return;
    var pairs = findPairs(row);
    for (var i = 0; i < pairs.length; i++) pairs[i].classList.add("linref-pair");
  }, true);

  document.addEventListener("mouseleave", function (e) {
    if (!e.target.closest) return;
    var row = e.target.closest("tr[data-line]");
    if (!row) return;
    var paired = document.querySelectorAll("tr.linref-pair");
    for (var i = 0; i < paired.length; i++) paired[i].classList.remove("linref-pair");
  }, true);
})();",
}
`;
